[preview.colorlib.com/theme/fashiop/index.html]
[preview.colorlib.com/theme/fashiop/img/favicon.png]
[backblue.gif]
[fade.gif]
[index.html]
[preview.colorlib.com/theme/fashiop/css/bootstrap.css]
[preview.colorlib.com/theme/fashiop/vendors/linericon/style.css]
[preview.colorlib.com/theme/fashiop/css/font-awesome.min.css]
[preview.colorlib.com/theme/fashiop/vendors/owl-carousel/owl.carousel.min.css]
[preview.colorlib.com/theme/fashiop/vendors/lightbox/simpleLightbox.css]
[preview.colorlib.com/theme/fashiop/vendors/nice-select/css/nice-select.css]
[preview.colorlib.com/theme/fashiop/vendors/animate-css/animate.css]
[preview.colorlib.com/theme/fashiop/vendors/jquery-ui/jquery-ui.css]
[preview.colorlib.com/theme/fashiop/css/style.css]
[preview.colorlib.com/theme/fashiop/css/responsive.css]
[preview.colorlib.com/theme/fashiop/login.html]
[preview.colorlib.com/theme/fashiop/contact.html]
[preview.colorlib.com/theme/fashiop/index-2.html]
[preview.colorlib.com/theme/fashiop/img/logo.png]
[preview.colorlib.com/theme/fashiop/category.html]
[preview.colorlib.com/theme/fashiop/single-product.html]
[preview.colorlib.com/theme/fashiop/checkout.html]
[preview.colorlib.com/theme/fashiop/cart.html]
[preview.colorlib.com/theme/fashiop/confirmation.html]
[preview.colorlib.com/theme/fashiop/blog.html]
[preview.colorlib.com/theme/fashiop/single-blog.html]
[preview.colorlib.com/theme/fashiop/tracking.html]
[preview.colorlib.com/theme/fashiop/elements.html]
[preview.colorlib.com/theme/fashiop/img/product/hot_deals/deal1.jpg]
[preview.colorlib.com/theme/fashiop/img/clients-logo/c-logo-1.png]
[preview.colorlib.com/theme/fashiop/img/clients-logo/c-logo-2.png]
[preview.colorlib.com/theme/fashiop/img/clients-logo/c-logo-3.png]
[preview.colorlib.com/theme/fashiop/img/clients-logo/c-logo-4.png]
[preview.colorlib.com/theme/fashiop/img/clients-logo/c-logo-5.png]
[preview.colorlib.com/theme/fashiop/img/product/feature-product/f-p-1.jpg]
[preview.colorlib.com/theme/fashiop/img/product/feature-product/f-p-2.jpg]
[preview.colorlib.com/theme/fashiop/img/product/feature-product/f-p-3.jpg]
[preview.colorlib.com/theme/fashiop/img/product/feature-product/f-p-4.jpg]
[preview.colorlib.com/theme/fashiop/img/product/feature-product/f-p-5.jpg]
[preview.colorlib.com/theme/fashiop/img/instagram/Image-01.jpg]
[preview.colorlib.com/theme/fashiop/img/instagram/Image-02.jpg]
[preview.colorlib.com/theme/fashiop/img/instagram/Image-03.jpg]
[preview.colorlib.com/theme/fashiop/img/instagram/Image-04.jpg]
[preview.colorlib.com/theme/fashiop/img/instagram/Image-05.jpg]
[preview.colorlib.com/theme/fashiop/img/instagram/Image-06.jpg]
[preview.colorlib.com/theme/fashiop/img/instagram/Image-07.jpg]
[preview.colorlib.com/theme/fashiop/img/instagram/Image-08.jpg]
[preview.colorlib.com/theme/fashiop/js/popper.js]
[preview.colorlib.com/theme/fashiop/js/jquery-3.2.1.min.js]
[preview.colorlib.com/theme/fashiop/js/bootstrap.min.js]
[preview.colorlib.com/theme/fashiop/js/stellar.js]
[preview.colorlib.com/theme/fashiop/vendors/lightbox/simpleLightbox.min.js]
[preview.colorlib.com/theme/fashiop/vendors/nice-select/js/jquery.nice-select.min.js]
[preview.colorlib.com/theme/fashiop/vendors/isotope/imagesloaded.pkgd.min.js]
[preview.colorlib.com/theme/fashiop/vendors/isotope/isotope-min.js]
[preview.colorlib.com/theme/fashiop/vendors/owl-carousel/owl.carousel.min.js]
[preview.colorlib.com/theme/fashiop/js/jquery.ajaxchimp.min.js]
[preview.colorlib.com/theme/fashiop/vendors/counter-up/jquery.waypoints.min.js]
[preview.colorlib.com/theme/fashiop/vendors/flipclock/timer.js]
[preview.colorlib.com/theme/fashiop/vendors/counter-up/jquery.counterup.js]
[preview.colorlib.com/theme/fashiop/js/mail-script.js]
[preview.colorlib.com/theme/fashiop/js/theme.js]
[preview.colorlib.com/theme/fashiop/index.html]
[preview.colorlib.com/theme/fashiop/css/bootstrap.css]
[preview.colorlib.com/theme/fashiop/vendors/linericon/fonts/Linearicons-Free54e9.eot]
[preview.colorlib.com/theme/fashiop/vendors/linericon/fonts/Linearicons-Freed41d.eot]
[preview.colorlib.com/theme/fashiop/vendors/linericon/fonts/Linearicons-Free54e9.woff2]
[preview.colorlib.com/theme/fashiop/vendors/linericon/fonts/Linearicons-Free54e9.woff]
[preview.colorlib.com/theme/fashiop/vendors/linericon/fonts/Linearicons-Free54e9.ttf]
[preview.colorlib.com/theme/fashiop/vendors/linericon/style.css]
[preview.colorlib.com/theme/fashiop/fonts/fontawesome-webfont3295.eot]
[preview.colorlib.com/theme/fashiop/vendors/linericon/fonts/Linearicons-Free54e9.svg]
[preview.colorlib.com/theme/fashiop/fonts/fontawesome-webfontd41d.eot]
[preview.colorlib.com/theme/fashiop/fonts/fontawesome-webfont3295.woff2]
[preview.colorlib.com/theme/fashiop/fonts/fontawesome-webfont3295.woff]
[preview.colorlib.com/theme/fashiop/fonts/fontawesome-webfont3295.ttf]
[preview.colorlib.com/theme/fashiop/css/font-awesome.min.css]
[preview.colorlib.com/theme/fashiop/vendors/owl-carousel/owl.video.play.png]
[preview.colorlib.com/theme/fashiop/vendors/owl-carousel/owl.carousel.min.css]
[preview.colorlib.com/theme/fashiop/vendors/lightbox/simpleLightbox.css]
[preview.colorlib.com/theme/fashiop/vendors/nice-select/css/nice-select.css]
[preview.colorlib.com/theme/fashiop/vendors/animate-css/animate.css]
[preview.colorlib.com/theme/fashiop/vendors/jquery-ui/images/ui-icons_444444_256x240.png]
[preview.colorlib.com/theme/fashiop/fonts/fontawesome-webfont3295.svg]
[preview.colorlib.com/theme/fashiop/vendors/jquery-ui/images/ui-icons_555555_256x240.png]
[preview.colorlib.com/theme/fashiop/vendors/jquery-ui/images/ui-icons_ffffff_256x240.png]
[preview.colorlib.com/theme/fashiop/vendors/jquery-ui/images/ui-icons_777620_256x240.png]
[preview.colorlib.com/theme/fashiop/vendors/jquery-ui/images/ui-icons_cc0000_256x240.png]
[preview.colorlib.com/theme/fashiop/vendors/jquery-ui/images/ui-icons_777777_256x240.png]
[preview.colorlib.com/theme/fashiop/vendors/jquery-ui/jquery-ui.css]
[preview.colorlib.com/theme/fashiop/img/banner/banner-bg.jpg]
[preview.colorlib.com/theme/fashiop/img/banner/banner-2.jpg]
[preview.colorlib.com/theme/fashiop/img/breadcrumb/checkout-bg.jpg]
[preview.colorlib.com/theme/fashiop/img/elements/primary-check.png]
[preview.colorlib.com/theme/fashiop/img/elements/success-check.png]
[preview.colorlib.com/theme/fashiop/img/elements/disabled-check.png]
[preview.colorlib.com/theme/fashiop/img/elements/primary-radio.png]
[preview.colorlib.com/theme/fashiop/img/elements/success-radio.png]
[preview.colorlib.com/theme/fashiop/img/elements/disabled-radio.png]
[preview.colorlib.com/theme/fashiop/css/style.css]
[preview.colorlib.com/theme/fashiop/css/responsive.css]
[preview.colorlib.com/cdn-cgi/zaraz/sd0d9.js]
[preview.colorlib.com/theme/fashiop/img/login.jpg]
[preview.colorlib.com/theme/fashiop/registration.html]
[preview.colorlib.com/theme/fashiop/login.html]
[preview.colorlib.com/cdn-cgi/scripts/5c5dd728/cloudflare-static/email-decode.min.js]
[preview.colorlib.com/theme/fashiop/vendors/jquery-ui/jquery-ui.js]
[preview.colorlib.com/theme/fashiop/js/jquery.form.js]
[preview.colorlib.com/theme/fashiop/js/jquery.validate.min.js]
[preview.colorlib.com/theme/fashiop/js/contact.js]
[preview.colorlib.com/theme/fashiop/js/gmaps.min.js]
[preview.colorlib.com/theme/fashiop/contact.html]
[preview.colorlib.com/theme/fashiop/index-2.html]
[preview.colorlib.com/theme/fashiop/category.html]
[preview.colorlib.com/theme/fashiop/img/product/single-product/s-product-s-2.jpg]
[preview.colorlib.com/theme/fashiop/img/product/single-product/s-product-s-3.jpg]
[preview.colorlib.com/theme/fashiop/img/product/single-product/s-product-s-4.jpg]
[preview.colorlib.com/theme/fashiop/img/product/single-product/s-product-1.jpg]
[preview.colorlib.com/theme/fashiop/img/product/single-product/review-1.png]
[preview.colorlib.com/theme/fashiop/img/product/single-product/review-2.png]
[preview.colorlib.com/theme/fashiop/img/product/single-product/review-3.png]
[preview.colorlib.com/theme/fashiop/single-product.html]
[preview.colorlib.com/theme/fashiop/img/product/single-product/card.jpg]
[preview.colorlib.com/theme/fashiop/checkout.html]
[preview.colorlib.com/theme/fashiop/img/product/single-product/cart-1.jpg]
[preview.colorlib.com/theme/fashiop/cart.html]
[preview.colorlib.com/theme/fashiop/confirmation.html]
[preview.colorlib.com/theme/fashiop/img/blog/cat-post/cat-post-3.jpg]
[preview.colorlib.com/theme/fashiop/blog-details.html]
[preview.colorlib.com/theme/fashiop/img/blog/cat-post/cat-post-2.jpg]
[preview.colorlib.com/theme/fashiop/img/blog/cat-post/cat-post-1.jpg]
[preview.colorlib.com/theme/fashiop/img/blog/main-blog/m-blog-1.jpg]
[preview.colorlib.com/theme/fashiop/img/blog/main-blog/m-blog-2.jpg]
[preview.colorlib.com/theme/fashiop/img/blog/main-blog/m-blog-3.jpg]
[preview.colorlib.com/theme/fashiop/img/blog/main-blog/m-blog-4.jpg]
[preview.colorlib.com/theme/fashiop/img/blog/main-blog/m-blog-5.jpg]
[preview.colorlib.com/theme/fashiop/img/blog/author.png]
[preview.colorlib.com/theme/fashiop/img/blog/popular-post/post1.jpg]
[preview.colorlib.com/theme/fashiop/img/blog/popular-post/post2.jpg]
[preview.colorlib.com/theme/fashiop/img/blog/popular-post/post3.jpg]
[preview.colorlib.com/theme/fashiop/img/blog/popular-post/post4.jpg]
[preview.colorlib.com/theme/fashiop/img/blog/add.jpg]
[preview.colorlib.com/theme/fashiop/blog.html]
[preview.colorlib.com/theme/fashiop/img/blog/feature-img1.jpg]
[preview.colorlib.com/theme/fashiop/img/blog/post-img1.jpg]
[preview.colorlib.com/theme/fashiop/img/blog/post-img2.jpg]
[preview.colorlib.com/theme/fashiop/img/blog/prev.jpg]
[preview.colorlib.com/theme/fashiop/img/blog/next.jpg]
[preview.colorlib.com/theme/fashiop/img/blog/c1.jpg]
[preview.colorlib.com/theme/fashiop/img/blog/c2.jpg]
[preview.colorlib.com/theme/fashiop/img/blog/c3.jpg]
[preview.colorlib.com/theme/fashiop/img/blog/c4.jpg]
[preview.colorlib.com/theme/fashiop/img/blog/c5.jpg]
[preview.colorlib.com/theme/fashiop/single-blog.html]
[preview.colorlib.com/theme/fashiop/tracking.html]
[preview.colorlib.com/theme/fashiop/img/elements/d.jpg]
[preview.colorlib.com/theme/fashiop/img/elements/f1.jpg]
[preview.colorlib.com/theme/fashiop/img/elements/f2.jpg]
[preview.colorlib.com/theme/fashiop/img/elements/f3.jpg]
[preview.colorlib.com/theme/fashiop/img/elements/f4.jpg]
[preview.colorlib.com/theme/fashiop/img/elements/f5.jpg]
[preview.colorlib.com/theme/fashiop/img/elements/f6.jpg]
[preview.colorlib.com/theme/fashiop/img/elements/f7.jpg]
[preview.colorlib.com/theme/fashiop/img/elements/f8.jpg]
[preview.colorlib.com/theme/fashiop/img/elements/g1.jpg]
[preview.colorlib.com/theme/fashiop/img/elements/g2.jpg]
[preview.colorlib.com/theme/fashiop/img/elements/g3.jpg]
[preview.colorlib.com/theme/fashiop/img/elements/g4.jpg]
[preview.colorlib.com/theme/fashiop/img/elements/g5.jpg]
[preview.colorlib.com/theme/fashiop/img/elements/g6.jpg]
[preview.colorlib.com/theme/fashiop/img/elements/g7.jpg]
[preview.colorlib.com/theme/fashiop/img/elements/g8.jpg]
[preview.colorlib.com/theme/fashiop/elements.html]
[preview.colorlib.com/theme/fashiop/vendors/linericon/fonts/Linearicons-Free54e9.svg]
[preview.colorlib.com/theme/fashiop/fonts/fontawesome-webfont3295.svg]
[preview.colorlib.com/theme/fashiop/vendors/owl-carousel/owl.video.play.html]
[preview.colorlib.com/theme/fashiop/vendors/jquery-ui/images/ui-icons_444444_256x240.html]
[preview.colorlib.com/theme/fashiop/vendors/jquery-ui/images/ui-icons_555555_256x240.html]
[preview.colorlib.com/theme/fashiop/vendors/jquery-ui/images/ui-icons_ffffff_256x240.html]
[preview.colorlib.com/theme/fashiop/vendors/jquery-ui/images/ui-icons_777620_256x240.html]
[preview.colorlib.com/theme/fashiop/vendors/jquery-ui/images/ui-icons_cc0000_256x240.html]
[preview.colorlib.com/theme/fashiop/vendors/jquery-ui/images/ui-icons_777777_256x240.html]
[preview.colorlib.com/theme/fashiop/registration.html]
[preview.colorlib.com/theme/fashiop/blog-details.html]
